
/home/runner/work/exp-viscosity-based-on-efflux-time-iitb/exp-viscosity-based-on-efflux-time-iitb/experiment/simulation/common_libraries/js/ts_components/collapse_step.js
   1:10  warning  'show_step' is defined but never used                 no-unused-vars
   2:5   warning  '$' is not defined                                    no-undef
   3:9   warning  '$' is not defined                                    no-undef
   6:10  warning  'hide_step' is defined but never used                 no-unused-vars
   7:5   warning  '$' is not defined                                    no-undef
   8:9   warning  '$' is not defined                                    no-undef
  11:10  warning  'get_collapse_btn_text' is defined but never used     no-unused-vars
  20:10  warning  'get_collapse_btn_element' is defined but never used  no-unused-vars
  29:10  warning  'hide_all_steps' is defined but never used            no-unused-vars
  31:9   warning  '$' is not defined                                    no-undef

/home/runner/work/exp-viscosity-based-on-efflux-time-iitb/exp-viscosity-based-on-efflux-time-iitb/experiment/simulation/common_libraries/js/ts_components/matrix.js
   27:26  warning  'MathJax' is not defined                                no-undef
   32:7   warning  'Matrix_Without_String' is defined but never used       no-unused-vars
   52:26  warning  'MathJax' is not defined                                no-undef
   56:10  warning  'get_matrix_html' is defined but never used             no-unused-vars
   87:13  warning  'row_html' is assigned a value but never used           no-unused-vars
   99:10  warning  'get_matrix_html_with_title' is defined but never used  no-unused-vars
  131:13  warning  'row_html' is assigned a value but never used           no-unused-vars
  143:10  warning  'convert_2d_to_1d_vector' is defined but never used     no-unused-vars
  156:10  warning  'convert_1d_to_2d_matrix' is defined but never used     no-unused-vars

/home/runner/work/exp-viscosity-based-on-efflux-time-iitb/exp-viscosity-based-on-efflux-time-iitb/experiment/simulation/common_libraries/js/ts_components/pannel.js
  8:7  warning  'Pannel' is defined but never used  no-unused-vars

/home/runner/work/exp-viscosity-based-on-efflux-time-iitb/exp-viscosity-based-on-efflux-time-iitb/experiment/simulation/common_libraries/js/ts_components/questions.js
   6:17  warning  'op1' is assigned a value but never used      no-unused-vars
   7:17  warning  'op2' is assigned a value but never used      no-unused-vars
   8:17  warning  'op3' is assigned a value but never used      no-unused-vars
   9:17  warning  'op4' is assigned a value but never used      no-unused-vars
  94:7   warning  'Question_Options' is defined but never used  no-unused-vars

/home/runner/work/exp-viscosity-based-on-efflux-time-iitb/exp-viscosity-based-on-efflux-time-iitb/experiment/simulation/common_libraries/js/ts_components/tables.js
   19:22  warning  'verify_values' is not defined                                     no-undef
  137:22  warning  'verify_values' is not defined                                     no-undef
  260:7   warning  'Verify_Rows_Cols_6_decimal_places' is defined but never used      no-unused-vars
  311:22  warning  'verify_values' is not defined                                     no-undef
  416:7   warning  'Verify_Rows_Cols_Custom_Fixed_Update1' is defined but never used  no-unused-vars
  468:7   warning  'Show_Table_Custom_Fixed' is defined but never used                no-unused-vars
  506:7   warning  'Verify_Rows_Cols_Strings' is defined but never used               no-unused-vars
  527:22  warning  'verify_values' is not defined                                     no-undef
  663:7   warning  'Display_Table' is defined but never used                          no-unused-vars

/home/runner/work/exp-viscosity-based-on-efflux-time-iitb/exp-viscosity-based-on-efflux-time-iitb/experiment/simulation/common_libraries/js/ts_math_library/general_math_functions.js
    1:10  warning  'verify_values' is defined but never used                   no-unused-vars
   17:10  warning  'random1' is defined but never used                         no-unused-vars
   21:10  warning  'std_deviation' is defined but never used                   no-unused-vars
   26:10  warning  'gauss' is defined but never used                           no-unused-vars
   56:10  warning  'hide_panel' is defined but never used                      no-unused-vars
   63:10  warning  'inverse_matrix' is defined but never used                  no-unused-vars
   96:10  warning  'matrix_multiplication' is defined but never used           no-unused-vars
  113:10  warning  'transpose_matrix' is defined but never used                no-unused-vars
  123:10  warning  'matrix_multiplication_8decimal' is defined but never used  no-unused-vars
  140:10  warning  'adjoint_2x2_matrix' is defined but never used              no-unused-vars
  145:10  warning  'find_deteminant' is defined but never used                 no-unused-vars
  174:10  warning  'get_Submatrix' is defined but never used                   no-unused-vars

/home/runner/work/exp-viscosity-based-on-efflux-time-iitb/exp-viscosity-based-on-efflux-time-iitb/experiment/simulation/common_libraries/js/ts_math_library/regression.js
   1:10  warning  'regression_linear' is defined but never used            no-unused-vars
  18:10  warning  'regression_linear_1variable' is defined but never used  no-unused-vars
  27:10  warning  'regression_linear_2variable' is defined but never used  no-unused-vars
  52:11  warning  'gauss' is not defined                                   no-undef

/home/runner/work/exp-viscosity-based-on-efflux-time-iitb/exp-viscosity-based-on-efflux-time-iitb/experiment/simulation/common_libraries/math.ob.js
  1:745  warning  'b' is already defined  no-redeclare

/home/runner/work/exp-viscosity-based-on-efflux-time-iitb/exp-viscosity-based-on-efflux-time-iitb/experiment/simulation/js/activity1.js
    8:14   warning  'Pannel' is not defined                                no-undef
   14:10   warning  'start_act1' is defined but never used                 no-unused-vars
   21:10   warning  'move_to_activity3' is defined but never used          no-unused-vars
   24:5    warning  'activity4' is not defined                             no-undef
   33:5    warning  'global_score' is assigned a value but never used      no-unused-vars
   34:5    warning  'a1_panel' is defined but never used                   no-unused-vars
   35:5    warning  'all_text_content' is assigned a value but never used  no-unused-vars
   36:5    warning  'canvas_box_scale' is already defined                  no-redeclare
   36:5    warning  'canvas_box_scale' is assigned a value but never used  no-unused-vars
   39:5    warning  'a1_scene' is defined but never used                   no-unused-vars
   46:5    warning  'display_score' is defined but never used              no-unused-vars
   47:5    warning  'timer1' is assigned a value but never used            no-unused-vars
   62:17   warning  'Scene' is not defined                                 no-undef
   67:27   warning  'bootstrap' is not defined                             no-undef
  105:18   warning  'Chemistry' is not defined                             no-undef
  105:42   warning  'rect_tank' is not defined                             no-undef
  105:57   warning  'Chemistry' is not defined                             no-undef
  108:9    warning  'sq' is already defined                                no-redeclare
  108:18   warning  'Chemistry' is not defined                             no-undef
  108:42   warning  'collecting_tank' is not defined                       no-undef
  108:63   warning  'Chemistry' is not defined                             no-undef
  111:9    warning  'sq' is already defined                                no-redeclare
  111:18   warning  'Chemistry' is not defined                             no-undef
  111:42   warning  'timer' is not defined                                 no-undef
  111:53   warning  'Chemistry' is not defined                             no-undef
  137:25   warning  'Chemistry' is not defined                             no-undef
  137:50   warning  'Chemistry' is not defined                             no-undef
  148:10   warning  'rect_tank' is not defined                             no-undef
  148:21   warning  'rect_tank' is not defined                             no-undef
  149:10   warning  'collecting_tank' is not defined                       no-undef
  149:27   warning  'collecting_tank' is not defined                       no-undef
  150:10   warning  'timer' is not defined                                 no-undef
  150:17   warning  'timer' is not defined                                 no-undef
  153:13   warning  'Chemistry' is not defined                             no-undef
  153:45   warning  'Chemistry' is not defined                             no-undef
  154:13   warning  'Chemistry' is not defined                             no-undef
  154:51   warning  'Chemistry' is not defined                             no-undef
  155:13   warning  'Chemistry' is not defined                             no-undef
  155:41   warning  'Chemistry' is not defined                             no-undef
  161:12   warning  Unexpected constant condition                          no-constant-condition
  183:49   warning  'Chemistry' is not defined                             no-undef
  186:39   warning  'bootstrap' is not defined                             no-undef
  218:30   warning  'Chemistry' is not defined                             no-undef
  218:73   warning  'Chemistry' is not defined                             no-undef
  246:13   warning  'bsOffcanvas' is already defined                       no-redeclare
  246:31   warning  'bootstrap' is not defined                             no-undef
  248:30   warning  'Chemistry' is not defined                             no-undef
  248:118  warning  'Chemistry' is not defined                             no-undef
  291:24   warning  'activity4' is not defined                             no-undef

/home/runner/work/exp-viscosity-based-on-efflux-time-iitb/exp-viscosity-based-on-efflux-time-iitb/experiment/simulation/js/activity4.js
   3:10  warning  'activity4' is defined but never used    no-unused-vars
   4:5   warning  'pp' is not defined                      no-undef
   5:5   warning  'pp' is not defined                      no-undef
   6:5   warning  'pp' is not defined                      no-undef
   8:5   warning  'pp' is not defined                      no-undef
  26:29  warning  Unnecessary escape character: \×         no-useless-escape
  26:34  warning  Unnecessary escape character: \×         no-useless-escape
  26:59  warning  Unnecessary escape character: \×         no-useless-escape
  26:62  warning  Unnecessary escape character: \π         no-useless-escape
  26:65  warning  Unnecessary escape character: \×         no-useless-escape
  26:74  warning  Unnecessary escape character: \×         no-useless-escape
  29:5   warning  'show_panel' is not defined              no-undef
  31:5   warning  'pp' is not defined                      no-undef
  32:5   warning  'MathJax' is not defined                 no-undef
  37:22  warning  'Table' is not defined                   no-undef
  38:5   warning  'pp' is not defined                      no-undef
  41:10  warning  'verify_act4' is defined but never used  no-unused-vars
  43:10  warning  'verify_values' is not defined           no-undef
  43:59  warning  'act4_table_data' is not defined         no-undef
  49:22  warning  'Table' is not defined                   no-undef
  49:49  warning  'act4_table_data' is not defined         no-undef

/home/runner/work/exp-viscosity-based-on-efflux-time-iitb/exp-viscosity-based-on-efflux-time-iitb/experiment/simulation/js/activity5.js
   3:5   warning  'capillary_tube_dia' is assigned a value but never used     no-unused-vars
   4:5   warning  'capillary_tube_length' is assigned a value but never used  no-unused-vars
   5:5   warning  'density_of_liquid' is assigned a value but never used      no-unused-vars
   6:5   warning  'g' is assigned a value but never used                      no-unused-vars
   7:5   warning  'area_od_test_tank' is assigned a value but never used      no-unused-vars
   8:10  warning  'activity5' is defined but never used                       no-unused-vars
   9:5   warning  'pp' is not defined                                         no-undef
  10:5   warning  'pp' is not defined                                         no-undef
  11:5   warning  'pp' is not defined                                         no-undef
  13:5   warning  'pp' is not defined                                         no-undef
  26:5   warning  'show_panel' is not defined                                 no-undef
  27:5   warning  'pp' is not defined                                         no-undef
  32:22  warning  'Table' is not defined                                      no-undef
  33:5   warning  'pp' is not defined                                         no-undef
  36:10  warning  'verify_act5' is defined but never used                     no-unused-vars
  39:10  warning  'verify_values' is not defined                              no-undef
  39:59  warning  'act5_table_data' is not defined                            no-undef
  43:10  warning  'verify_values' is not defined                              no-undef
  43:59  warning  'act5_table_data' is not defined                            no-undef
  49:22  warning  'Table' is not defined                                      no-undef
  49:49  warning  'act5_table_data' is not defined                            no-undef

/home/runner/work/exp-viscosity-based-on-efflux-time-iitb/exp-viscosity-based-on-efflux-time-iitb/experiment/simulation/js/activity6.js
   26:11  warning  'T' is not defined                             no-undef
   27:11  warning  'X' is not defined                             no-undef
   46:5   warning  'pp' is not defined                            no-undef
   47:5   warning  'pp' is not defined                            no-undef
   54:5   warning  'pp' is not defined                            no-undef
   55:5   warning  'pp' is not defined                            no-undef
   56:5   warning  'pp' is not defined                            no-undef
   58:5   warning  'pp' is not defined                            no-undef
   59:5   warning  'pp' is not defined                            no-undef
   62:10  warning  'complete_tab1' is defined but never used      no-unused-vars
   67:5   warning  'pp' is not defined                            no-undef
   69:25  warning  'T' is not defined                             no-undef
   87:15  warning  'T' is not defined                             no-undef
   88:15  warning  'X' is not defined                             no-undef
   89:15  warning  'X1' is not defined                            no-undef
   90:15  warning  'X2' is not defined                            no-undef
   97:25  warning  'Y' is not defined                             no-undef
   98:18  warning  'Y' is not defined                             no-undef
   99:19  warning  'X1' is not defined                            no-undef
  100:19  warning  'X2' is not defined                            no-undef
  132:5   warning  'pp' is not defined                            no-undef
  133:5   warning  'pp' is not defined                            no-undef
  135:10  warning  'act6_verify_tab1' is defined but never used   no-unused-vars
  139:10  warning  'verify_values' is not defined                 no-undef
  139:48  warning  'Y' is not defined                             no-undef
  143:10  warning  'verify_values' is not defined                 no-undef
  143:48  warning  'X1' is not defined                            no-undef
  147:10  warning  'verify_values' is not defined                 no-undef
  147:48  warning  'X2' is not defined                            no-undef
  152:5   warning  'pp' is not defined                            no-undef
  153:5   warning  'pp' is not defined                            no-undef
  156:10  warning  'verify_summations' is defined but never used  no-unused-vars
  162:10  warning  'verify_values' is not defined                 no-undef
  166:10  warning  'verify_values' is not defined                 no-undef
  170:10  warning  'verify_values' is not defined                 no-undef
  184:15  warning  'regression_linear_2variable' is not defined   no-undef
  184:43  warning  'X1' is not defined                            no-undef
  184:47  warning  'X2' is not defined                            no-undef
  184:51  warning  'Y' is not defined                             no-undef
  196:5   warning  'pp' is not defined                            no-undef
  197:5   warning  'pp' is not defined                            no-undef

/home/runner/work/exp-viscosity-based-on-efflux-time-iitb/exp-viscosity-based-on-efflux-time-iitb/experiment/simulation/js/common.js
    1:10  warning  'verify_values' is defined but never used           no-unused-vars
   18:10  warning  'std_deviation' is defined but never used           no-unused-vars
   23:10  warning  'regression_linear' is defined but never used       no-unused-vars
   40:10  warning  'ascending_random_array' is defined but never used  no-unused-vars
   42:12  warning  Unexpected constant condition                       no-constant-condition
  135:10  warning  'show_panel' is defined but never used              no-unused-vars
  137:31  warning  'bootstrap' is not defined                          no-undef
  144:10  warning  'hide_panel' is defined but never used              no-unused-vars

/home/runner/work/exp-viscosity-based-on-efflux-time-iitb/exp-viscosity-based-on-efflux-time-iitb/experiment/simulation/js/data.js
   1:5  warning  'act5_table_data' is assigned a value but never used  no-unused-vars
   7:5  warning  'act4_table_data' is assigned a value but never used  no-unused-vars
  13:5  warning  'main_table_data' is assigned a value but never used  no-unused-vars

/home/runner/work/exp-viscosity-based-on-efflux-time-iitb/exp-viscosity-based-on-efflux-time-iitb/experiment/simulation/js/dummy.js
  2:14  warning  'Pannel' is not defined  no-undef

/home/runner/work/exp-viscosity-based-on-efflux-time-iitb/exp-viscosity-based-on-efflux-time-iitb/experiment/simulation/js/geomerty.js
   33:49   warning  'lscale' is not defined          no-undef
   34:49   warning  'lscale' is not defined          no-undef
   46:23   warning  'pt1' is defined but never used  no-unused-vars
   46:28   warning  'pt2' is defined but never used  no-unused-vars
   46:33   warning  'pt3' is defined but never used  no-unused-vars
   50:24   warning  'geo' is defined but never used  no-unused-vars
   69:44   warning  'lscale' is not defined          no-undef
   69:66   warning  'lscale' is not defined          no-undef
   69:88   warning  'lscale' is not defined          no-undef
   82:48   warning  'lscale' is not defined          no-undef
   83:48   warning  'lscale' is not defined          no-undef
  108:47   warning  'lscale' is not defined          no-undef
  108:69   warning  'lscale' is not defined          no-undef
  109:60   warning  'lscale' is not defined          no-undef
  109:95   warning  'lscale' is not defined          no-undef
  131:39   warning  'lscale' is not defined          no-undef
  131:57   warning  'lscale' is not defined          no-undef
  132:39   warning  'lscale' is not defined          no-undef
  132:57   warning  'lscale' is not defined          no-undef
  181:39   warning  'lscale' is not defined          no-undef
  181:57   warning  'lscale' is not defined          no-undef
  182:39   warning  'lscale' is not defined          no-undef
  182:57   warning  'lscale' is not defined          no-undef
  225:33   warning  'lscale' is not defined          no-undef
  226:33   warning  'lscale' is not defined          no-undef
  274:50   warning  'lscale' is not defined          no-undef
  274:72   warning  'lscale' is not defined          no-undef
  279:61   warning  'lscale' is not defined          no-undef
  279:84   warning  'lscale' is not defined          no-undef
  279:102  warning  'lscale' is not defined          no-undef
  279:120  warning  'lscale' is not defined          no-undef
  293:33   warning  'lscale' is not defined          no-undef
  294:33   warning  'lscale' is not defined          no-undef
  295:41   warning  'lscale' is not defined          no-undef
  295:64   warning  'lscale' is not defined          no-undef
  295:98   warning  'lscale' is not defined          no-undef
  295:121  warning  'lscale' is not defined          no-undef
  296:45   warning  'lscale' is not defined          no-undef
  296:68   warning  'lscale' is not defined          no-undef
  296:102  warning  'lscale' is not defined          no-undef
  296:125  warning  'lscale' is not defined          no-undef
  323:61   warning  'lscale' is not defined          no-undef
  323:90   warning  'lscale' is not defined          no-undef
  324:61   warning  'lscale' is not defined          no-undef
  324:96   warning  'lscale' is not defined          no-undef
  325:66   warning  'lscale' is not defined          no-undef
  325:101  warning  'lscale' is not defined          no-undef
  326:66   warning  'lscale' is not defined          no-undef
  326:100  warning  'lscale' is not defined          no-undef
  327:67   warning  'lscale' is not defined          no-undef
  327:101  warning  'lscale' is not defined          no-undef
  328:67   warning  'lscale' is not defined          no-undef
  328:96   warning  'lscale' is not defined          no-undef
  329:61   warning  'lscale' is not defined          no-undef
  329:90   warning  'lscale' is not defined          no-undef
  346:33   warning  'lscale' is not defined          no-undef
  347:33   warning  'lscale' is not defined          no-undef
  376:46   warning  'lscale' is not defined          no-undef
  382:50   warning  'lscale' is not defined          no-undef
  382:72   warning  'lscale' is not defined          no-undef
  411:52   warning  'lscale' is not defined          no-undef
  411:79   warning  'lscale' is not defined          no-undef
  413:56   warning  'lscale' is not defined          no-undef
  413:83   warning  'lscale' is not defined          no-undef
  450:50   warning  'lscale' is not defined          no-undef
  450:72   warning  'lscale' is not defined          no-undef
  456:61   warning  'lscale' is not defined          no-undef
  456:84   warning  'lscale' is not defined          no-undef
  456:102  warning  'lscale' is not defined          no-undef
  456:120  warning  'lscale' is not defined          no-undef
  470:33   warning  'lscale' is not defined          no-undef
  471:33   warning  'lscale' is not defined          no-undef
  472:41   warning  'lscale' is not defined          no-undef
  472:64   warning  'lscale' is not defined          no-undef
  472:98   warning  'lscale' is not defined          no-undef
  472:121  warning  'lscale' is not defined          no-undef
  473:45   warning  'lscale' is not defined          no-undef
  473:68   warning  'lscale' is not defined          no-undef
  473:102  warning  'lscale' is not defined          no-undef
  473:125  warning  'lscale' is not defined          no-undef
  502:50   warning  'lscale' is not defined          no-undef
  502:72   warning  'lscale' is not defined          no-undef
  507:139  warning  'lscale' is not defined          no-undef
  507:172  warning  'lscale' is not defined          no-undef
  507:205  warning  'lscale' is not defined          no-undef
  507:225  warning  'lscale' is not defined          no-undef
  528:50   warning  'lscale' is not defined          no-undef
  528:72   warning  'lscale' is not defined          no-undef
  533:139  warning  'lscale' is not defined          no-undef
  533:172  warning  'lscale' is not defined          no-undef
  533:205  warning  'lscale' is not defined          no-undef
  533:225  warning  'lscale' is not defined          no-undef
  555:50   warning  'lscale' is not defined          no-undef
  555:72   warning  'lscale' is not defined          no-undef
  560:133  warning  'lscale' is not defined          no-undef
  560:172  warning  'lscale' is not defined          no-undef
  560:205  warning  'lscale' is not defined          no-undef
  560:224  warning  'lscale' is not defined          no-undef
  584:39   warning  'lscale' is not defined          no-undef
  584:53   warning  'lscale' is not defined          no-undef
  585:39   warning  'lscale' is not defined          no-undef
  585:53   warning  'lscale' is not defined          no-undef
  586:39   warning  'lscale' is not defined          no-undef
  586:53   warning  'lscale' is not defined          no-undef
  587:39   warning  'lscale' is not defined          no-undef
  587:53   warning  'lscale' is not defined          no-undef
  594:36   warning  'lscale' is not defined          no-undef
  594:50   warning  'lscale' is not defined          no-undef
  594:63   warning  'lscale' is not defined          no-undef
  605:36   warning  'lscale' is not defined          no-undef
  605:50   warning  'lscale' is not defined          no-undef
  605:63   warning  'lscale' is not defined          no-undef
  632:46   warning  'lscale' is not defined          no-undef
  637:50   warning  'lscale' is not defined          no-undef
  637:72   warning  'lscale' is not defined          no-undef
  659:50   warning  'lscale' is not defined          no-undef
  659:72   warning  'lscale' is not defined          no-undef
  663:46   warning  'lscale' is not defined          no-undef
  664:46   warning  'lscale' is not defined          no-undef
  664:67   warning  'lscale' is not defined          no-undef
  665:49   warning  'lscale' is not defined          no-undef
  702:50   warning  'lscale' is not defined          no-undef
  702:72   warning  'lscale' is not defined          no-undef
  718:38   warning  'lscale' is not defined          no-undef
  718:51   warning  'lscale' is not defined          no-undef
  720:38   warning  'lscale' is not defined          no-undef
  722:38   warning  'lscale' is not defined          no-undef
  722:52   warning  'lscale' is not defined          no-undef

/home/runner/work/exp-viscosity-based-on-efflux-time-iitb/exp-viscosity-based-on-efflux-time-iitb/experiment/simulation/js/pannel.js
   8:7  warning  'Pannel' is defined but never used  no-unused-vars
  76:7  warning  'Table' is defined but never used   no-unused-vars

/home/runner/work/exp-viscosity-based-on-efflux-time-iitb/exp-viscosity-based-on-efflux-time-iitb/experiment/simulation/js/scene.js
   1:7    warning  'Scene' is defined but never used         no-unused-vars
  11:9    warning  'context' is not defined                  no-undef
  11:33   warning  'canvas' is not defined                   no-undef
  11:47   warning  'canvas' is not defined                   no-undef
  27:5    warning  'context' is not defined                  no-undef
  28:9    warning  'grd' is assigned a value but never used  no-unused-vars
  28:15   warning  'context' is not defined                  no-undef
  28:44   warning  'canvas' is not defined                   no-undef
  28:62   warning  'canvas' is not defined                   no-undef
  28:84   warning  'canvas' is not defined                   no-undef
  28:102  warning  'canvas' is not defined                   no-undef
  28:121  warning  'canvas' is not defined                   no-undef
  36:5    warning  'context' is not defined                  no-undef
  37:5    warning  'context' is not defined                  no-undef
  37:28   warning  'canvas' is not defined                   no-undef
  37:42   warning  'canvas' is not defined                   no-undef
  38:5    warning  'context' is not defined                  no-undef
  39:5    warning  'context' is not defined                  no-undef

/home/runner/work/exp-viscosity-based-on-efflux-time-iitb/exp-viscosity-based-on-efflux-time-iitb/experiment/simulation/js/test.js
  2:14  warning  'Pannel' is not defined                     no-undef
  4:5   warning  'table' is assigned a value but never used  no-unused-vars

✖ 345 problems (0 errors, 345 warnings)

